|******************************************************************************************************************************|
|*                                                                                                                            *|
|*                                                                                                                            *|
|*                                          ,--------.                   ,--.                                                 *|
|*                                          '--.  .--',---. ,--.--. ,---.|  ,---.                                             *|
|*                                             |  |  | .-. ||  .--'| .--'|  .-.  |                                            *|
|*                                             |  |  ' '-' '|  |   \ `--.|  | |  |                                            *|
|*                                             `--'   `---' `--'    `---'`--' `--'                                            *|
|*                                                ,--.   ,-----.  ,--.   ,--.                                                 *|
|*                                                |  |   |  |) /_ |   `.'   |                                                 *|
|*                                                |  |   |  .-.  \|  |'.'|  |                                                 *|
|*                                                |  '--.|  '--' /|  |   |  |                                                 *|
|*                                                `-----'`------' `--'   `--'                                                 *|
|*                                                                                                                            *|
|*                                                                                                                            *|
|*                                                    Run a LBM simulation                                                    *|
|*                                                                                                                            *|
|*                                                                                                                            *|
|******************************************************************************************************************************|
|*                                                                                                                            *|
|******************************************************************************************************************************|
|*                                                                                                                            *|
|*  Conversion factors:                                                                                                       *|
|*                                                                                                                            *|
|*        Name          Value                                                                                                 *|
|*  ----------------------------                                                                                              *|
|*       Length          1.0000                                                                                               *|
|*  ----------------------------                                                                                              *|
|*      Velocity         1.0000                                                                                               *|
|*  ----------------------------                                                                                              *|
|*        Time           1.0000                                                                                               *|
|*  ----------------------------                                                                                              *|
|*    Acceleration       1.0000                                                                                               *|
|*  ----------------------------                                                                                              *|
|*       Density         1.0000                                                                                               *|
|*  ----------------------------                                                                                              *|
|*      Pressure         1.0000                                                                                               *|
|*  ----------------------------                                                                                              *|
|*   Bending modulus     1.0000                                                                                               *|
|*  ----------------------------                                                                                              *|
|*  Shear resistance     1.0000                                                                                               *|
|*                                                                                                                            *|
|******************************************************************************************************************************|
|*                                                                                                                            *|
|*  Stability considerations:                                                                                                 *|
|*                                                                                                                            *|
|*                    Name                      Value                                                                         *|
|*  ----------------------------------------------------                                                                      *|
|*              Tau lattice units                1.0000                                                                       *|
|*  ----------------------------------------------------                                                                      *|
|*  Characteristic velocity in lattice units     0.1000                                                                       *|
|*                                                                                                                            *|
|******************************************************************************************************************************|
|*                                                                                                                            *|
|*  Write: C:\TorchLBM\SupersonicCylinder_1\output\output_0.00000000.vti                                                      *|
|******************************************************************************************************************************|
|*  Write: C:\TorchLBM\SupersonicCylinder_1\output\output_0.00333333.vti                                                      *|
|******************************************************************************************************************************|
|*  Write: C:\TorchLBM\SupersonicCylinder_1\output\output_0.00666667.vti                                                      *|
|******************************************************************************************************************************|
