|******************************************************************************************************************************|
|*                                                                                                                            *|
|*                                                                                                                            *|
|*                                          ,--------.                   ,--.                                                 *|
|*                                          '--.  .--',---. ,--.--. ,---.|  ,---.                                             *|
|*                                             |  |  | .-. ||  .--'| .--'|  .-.  |                                            *|
|*                                             |  |  ' '-' '|  |   \ `--.|  | |  |                                            *|
|*                                             `--'   `---' `--'    `---'`--' `--'                                            *|
|*                                                ,--.   ,-----.  ,--.   ,--.                                                 *|
|*                                                |  |   |  |) /_ |   `.'   |                                                 *|
|*                                                |  |   |  .-.  \|  |'.'|  |                                                 *|
|*                                                |  '--.|  '--' /|  |   |  |                                                 *|
|*                                                `-----'`------' `--'   `--'                                                 *|
|*                                                                                                                            *|
|*                                                                                                                            *|
|*                                                    Run a LBM simulation                                                    *|
|*                                                                                                                            *|
|*                                                                                                                            *|
|******************************************************************************************************************************|
|*                                                                                                                            *|
|******************************************************************************************************************************|
|*                                                                                                                            *|
|*  Conversion factors:                                                                                                       *|
|*                                                                                                                            *|
|*        Name          Value                                                                                                 *|
|*  ----------------------------                                                                                              *|
|*       Length          1.0000                                                                                               *|
|*  ----------------------------                                                                                              *|
|*      Velocity         1.0000                                                                                               *|
|*  ----------------------------                                                                                              *|
|*        Time           1.0000                                                                                               *|
|*  ----------------------------                                                                                              *|
|*    Acceleration       1.0000                                                                                               *|
|*  ----------------------------                                                                                              *|
|*       Density         1.0000                                                                                               *|
|*  ----------------------------                                                                                              *|
|*      Pressure         1.0000                                                                                               *|
|*  ----------------------------                                                                                              *|
|*   Bending modulus     1.0000                                                                                               *|
|*  ----------------------------                                                                                              *|
|*  Shear resistance     1.0000                                                                                               *|
|*                                                                                                                            *|
|******************************************************************************************************************************|
|*                                                                                                                            *|
|*  Stability considerations:                                                                                                 *|
|*                                                                                                                            *|
|*                    Name                      Value                                                                         *|
|*  ----------------------------------------------------                                                                      *|
|*              Tau lattice units                1.0000                                                                       *|
|*  ----------------------------------------------------                                                                      *|
|*  Characteristic velocity in lattice units     0.1000                                                                       *|
|*                                                                                                                            *|
|******************************************************************************************************************************|
|*                                                                                                                            *|
|*  Write: C:\TorchLBM\SupersonicCylinder\output\output_0.00000000.vti                                                        *|
|******************************************************************************************************************************|
|*  Write: C:\TorchLBM\SupersonicCylinder\output\output_0.00333333.vti                                                        *|
|******************************************************************************************************************************|
|*  Write: C:\TorchLBM\SupersonicCylinder\output\output_0.00666667.vti                                                        *|
|******************************************************************************************************************************|
|*  Write: C:\TorchLBM\SupersonicCylinder\output\output_0.01000000.vti                                                        *|
|******************************************************************************************************************************|
|*  Write: C:\TorchLBM\SupersonicCylinder\output\output_0.01333333.vti                                                        *|
|******************************************************************************************************************************|
|*  Write: C:\TorchLBM\SupersonicCylinder\output\output_0.01666667.vti                                                        *|
|******************************************************************************************************************************|
|*  Write: C:\TorchLBM\SupersonicCylinder\output\output_0.02000000.vti                                                        *|
|******************************************************************************************************************************|
|*  Write: C:\TorchLBM\SupersonicCylinder\output\output_0.02333333.vti                                                        *|
|******************************************************************************************************************************|
|*  Write: C:\TorchLBM\SupersonicCylinder\output\output_0.02666667.vti                                                        *|
|******************************************************************************************************************************|
|*  Write: C:\TorchLBM\SupersonicCylinder\output\output_0.03000000.vti                                                        *|
|******************************************************************************************************************************|
|*  Write: C:\TorchLBM\SupersonicCylinder\output\output_0.03333333.vti                                                        *|
|******************************************************************************************************************************|
|*  Write: C:\TorchLBM\SupersonicCylinder\output\output_0.03666667.vti                                                        *|
|******************************************************************************************************************************|
|*  Write: C:\TorchLBM\SupersonicCylinder\output\output_0.04000000.vti                                                        *|
|******************************************************************************************************************************|
|*  Write: C:\TorchLBM\SupersonicCylinder\output\output_0.04333333.vti                                                        *|
|******************************************************************************************************************************|
|*  Write: C:\TorchLBM\SupersonicCylinder\output\output_0.04666667.vti                                                        *|
|******************************************************************************************************************************|
|*  Write: C:\TorchLBM\SupersonicCylinder\output\output_0.05000000.vti                                                        *|
|******************************************************************************************************************************|
|*  Write: C:\TorchLBM\SupersonicCylinder\output\output_0.05333333.vti                                                        *|
|******************************************************************************************************************************|
|*  Write: C:\TorchLBM\SupersonicCylinder\output\output_0.05666667.vti                                                        *|
|******************************************************************************************************************************|
|*  Write: C:\TorchLBM\SupersonicCylinder\output\output_0.06000000.vti                                                        *|
|******************************************************************************************************************************|
|*  Write: C:\TorchLBM\SupersonicCylinder\output\output_0.06333333.vti                                                        *|
|******************************************************************************************************************************|
|*  Write: C:\TorchLBM\SupersonicCylinder\output\output_0.06666667.vti                                                        *|
|******************************************************************************************************************************|
|*  Write: C:\TorchLBM\SupersonicCylinder\output\output_0.07000000.vti                                                        *|
|******************************************************************************************************************************|
|*  Write: C:\TorchLBM\SupersonicCylinder\output\output_0.07333333.vti                                                        *|
|******************************************************************************************************************************|
|*  Write: C:\TorchLBM\SupersonicCylinder\output\output_0.07666667.vti                                                        *|
|******************************************************************************************************************************|
|*  Write: C:\TorchLBM\SupersonicCylinder\output\output_0.08000000.vti                                                        *|
|******************************************************************************************************************************|
|*  Write: C:\TorchLBM\SupersonicCylinder\output\output_0.08333333.vti                                                        *|
|******************************************************************************************************************************|
|*  Write: C:\TorchLBM\SupersonicCylinder\output\output_0.08666667.vti                                                        *|
|******************************************************************************************************************************|
|*  Write: C:\TorchLBM\SupersonicCylinder\output\output_0.09000000.vti                                                        *|
|******************************************************************************************************************************|
|*  Write: C:\TorchLBM\SupersonicCylinder\output\output_0.09333333.vti                                                        *|
|******************************************************************************************************************************|
|*  Write: C:\TorchLBM\SupersonicCylinder\output\output_0.09666667.vti                                                        *|
|******************************************************************************************************************************|
|*  Write: C:\TorchLBM\SupersonicCylinder\output\output_0.10000000.vti                                                        *|
|******************************************************************************************************************************|
|******************************************************************************************************************************|
|*                                                                                                                            *|
|*  A log file has been generated: C:\TorchLBM\SupersonicCylinder\torchlbm_log.out                                            *|
|*                                                                                                                            *|
|******************************************************************************************************************************|
|*                                                                                                                            *|
|*                                                                                                                            *|
|*                                                  The simulation finished.                                                  *|
|*                                                                                                                            *|
|*                                                                                                                            *|
|*                                                    Simulation finished                                                     *|
|*                                                                                                                            *|
|*                                                                                                                            *|
|******************************************************************************************************************************|
